 cloning into https://github.com/revacprogramming/pps-test1-Harini-J306...
remote: Enumerating objects: 46, done.        
remote: Counting objects: 100% (46/46), done.        
remote: Compressing objects: 100% (35/35), done.        
remote: Total 46 (delta 11), reused 40 (delta 7), pack-reused 0        
From https://github.com/revacprogramming/pps-test1-Harini-J306
 * [new branch]      main       -> origin/main
  HEAD branch: main
Already on 'main'
Branch 'main' set up to track remote branch 'main' from 'origin'.
gcc -g p2original.c
 gdb a.out
GNU gdb (Ubuntu 8.1.1-0ubuntu1) 8.1.1
Copyright (C) 2018 Free Software Foundation, Inc.
License GPLv3+: GNU GPL version 3 or later <http://gnu.org/licenses/gpl.html>
This is free software: you are free to change and redistribute it.
There is NO WARRANTY, to the extent permitted by law.  Type "show copying"
and "show warranty" for details.
This GDB was configured as "x86_64-linux-gnu".
Type "show configuration" for configuration details.
For bug reporting instructions, please see:
<http://www.gnu.org/software/gdb/bugs/>.
Find the GDB manual and other documentation resources online at:
<http://www.gnu.org/software/gdb/documentation/>.
For help, type "help".
Type "apropos word" to search for commands related to "word"...
Reading symbols from a.out...done.
(gdb) b main
Breakpoint 1 at 0x76e: file p2original.c, line 20.
(gdb) r
Starting program: /home/runner/pps-test1-Harini-J306-29/a.out 
warning: Error disabling address space randomization: Operation not permitted

Breakpoint 1, main () at p2original.c:20
20    input();
(gdb) s
input () at p2original.c:5
5   printf("enter 2 numbers\n");
(gdb) n
enter 2 numbers
6   scanf("%d %d",&a,&b);
(gdb) n
5
6
7   return 0;
(gdb) n
8   }
(gdb) b main
Note: breakpoint 1 also set at pc 0x5620cee0076e.
Breakpoint 2 at 0x5620cee0076e: file p2original.c, line 20.
(gdb) n
main () at p2original.c:21
21    s=add(a,b);
(gdb) s
add (a=5, b=6) at p2original.c:11
11    int sum=a+b;
(gdb) n
12    return sum;
(gdb) n
13  }
(gdb) b main
Note: breakpoints 1 and 2 also set at pc 0x5620cee0076e.
Breakpoint 3 at 0x5620cee0076e: file p2original.c, line 20.
(gdb) n
main () at p2original.c:22
22    output();
(gdb) s
output () at p2original.c:16
16    printf("%d",s);
(gdb) n
17  }
(gdb) n
main () at p2original.c:23
23  }(gdb) c
Continuing.
11[Inferior 1 (process 95) exited normally]