(gdb) b main
Breakpoint 1 at 0x76e: file p2original.c, line 20.
(gdb) r
Starting program: /home/runner/pps-test1-Harini-J306-16/a.out 
warning: Error disabling address space randomization: Operation not permitted

Breakpoint 1, main () at p2original.c:20
20    input();
(gdb) n
enter 2 numbers
4
3
21    s=add(a,b);
(gdb) n
22    output();
(gdb) n
23  }
(gdb) c
Continuing.
7[Inferior 1 (process 372) exited normally]
