(gdb) b main
Breakpoint 1 at 0x78a: file p3original.c, line 21.
(gdb) r
Starting program: /home/runner/pps-test1-Harini-J306-10/a.out 
warning: Error disabling address space randomization: Operation not permitted

Breakpoint 1, main () at p3original.c:21
21    a1=input(a);
(gdb) n
enter a number
4
22    a2=input(a);
(gdb) n
enter a number
5
23    a3=add(a1,a2,sum);
(gdb) n
24    output(a1,a2,a3);
(gdb) n
sum is 4 + 5 is 9
25    return 0;