pass by value 

(gdb) b main
Breakpoint 1 at 0x722: file p5original.c, line 3.
(gdb) r
Starting program: /home/runner/pps-test1-Harini-J306-11/a.out 
warning: Error disabling address space randomization: Operation not permitted

Breakpoint 1, main () at p5original.c:3
3   {
(gdb) n
5     printf("enter 3 numbers\n");
(gdb) n
enter 3 numbers
6     scanf("%d %d %d",&a,&b,&c);
(gdb) n
5
6
7
7     if((a>b)&&(a>c))
(gdb) n
9     else if((b>a)&&(b>c))
(gdb) n
11    else if ((c>a)&&(c>b))
(gdb) n
12    printf("C is big\n");
(gdb) n
C is big
13    return 0;




pass by reference

 gcc -g p5original.c
 gdb ./a.out
GNU gdb (Ubuntu 8.1.1-0ubuntu1) 8.1.1
Copyright (C) 2018 Free Software Foundation, Inc.
License GPLv3+: GNU GPL version 3 or later <http://gnu.org/licenses/gpl.html>
This is free software: you are free to change and redistribute it.
There is NO WARRANTY, to the extent permitted by law.  Type "show copying"
and "show warranty" for details.
This GDB was configured as "x86_64-linux-gnu".
Type "show configuration" for configuration details.
For bug reporting instructions, please see:
<http://www.gnu.org/software/gdb/bugs/>.
Find the GDB manual and other documentation resources online at:
<http://www.gnu.org/software/gdb/documentation/>.
For help, type "help".
Type "apropos word" to search for commands related to "word"...
Reading symbols from ./a.out...done.
(gdb) b main
Breakpoint 1 at 0x82e: file p5original.c, line 31.
(gdb) r
Starting program: /home/runner/pps-test1-Harini-J306-12/a.out 
warning: Error disabling address space randomization: Operation not permitted
n
Breakpoint 1, main () at p5original.c:31
31    {
(gdb) n
33      input(&a, &b, &c);
(gdb) n
enter the first number: 2
enter the second number: 1
enter the third number: 0
34      cmp(a, b, c, &large);
(gdb) n
35      output(large);
(gdb) n
the largest is: 2
36      return 0;
(gdb) c
Continuing.
[Inferior 1 (process 170) exited normally]
(gdb) 










