(gdb) b main
Breakpoint 1 at 0x836: file p5original.c, line 22.
(gdb) r
Starting program: /home/runner/pps-test1-Harini-J306-21/a.out 
warning: Error disabling address space randomization: Operation not permitted

Breakpoint 1, main () at p5original.c:22
22  {
(gdb) n
24      input(&a,&b,&c);
(gdb) n
enter three numbers
3
7
4
25      cmp(a,b,c,&large);
(gdb) n
26      output(large);
(gdb) n
7 is greatest
27      return 0;
(gdb) c
Continuing.
[Inferior 1 (process 201) exited normally]