gdb) b main
Breakpoint 1 at 0x827: file p6original.c, line 36.
(gdb) r
Starting program: /home/runner/pps-test1-Harini-J306-21/a.out 
warning: Error disabling address space randomization: Operation not permitted

Breakpoint 1, main () at p6original.c:36
36      printf("enter the maximum value\n");
(gdb) n
enter the maximum value
37      n=input();
(gdb) n
9
38      sum=sum_n(n);
(gdb) n
39      output(n, sum);
(gdb) n
sum of 9 numbers  is 45
40      return 0;
(gdb) c
Continuing.
[Inferior 1 (process 350) exited normally]